 CSI 4:1;39m: Underline (Single), Default foreground color
